---
source: crates/app/src/commands/init/node.rs
expression: render_template(context).unwrap()
---
node:
  version: '16.0.0'
  packageManager: 'npm'
  npm:
    version: '8.0.0'
  addEnginesConstraint: true
  dedupeOnLockfileChange: false
  # dependencyVersionFormat: 'workspace'
  inferTasksFromScripts: false
  # rootPackageOnly: true
  syncProjectWorkspaceDependencies: true
  syncVersionManagerConfig: 'nvm'
