---
source: crates/app/src/commands/init/bun.rs
expression: render_template(context).unwrap()
---
bun:
  version: '1.0.0'
  # dependencyVersionFormat: 'workspace'
  # rootPackageOnly: true
  syncProjectWorkspaceDependencies: true
