---
source: crates/vcs-hooks/tests/hooks_generator_test.rs
expression: "fs::read_to_string(post_push).unwrap()"
---
#!/usr/bin/env bash
set -eo pipefail

for (( i=0; i <= $#; i++ )); do
  declare -x "ARG$i"="${!i}"
done

# Automatically generated by moon. DO NOT MODIFY!
# https://moonrepo.dev/docs/guides/vcs-hooks

moon check --all
