---
source: crates/vcs-hooks/tests/hooks_generator_test.rs
expression: "fs::read_to_string(post_push).unwrap()"
---
#!/usr/bin/env bash
set -eo pipefail

for (( i=0; i <= $#; i++ )); do
  declare -x "ARG$i"="${!i}"
done

./.moon/hooks/post-push.sh $1 $2 $3 $4 $5
