---
source: crates/cli/tests/generate_test.rs
expression: "fs::read_to_string(sandbox.path().join(\"./test/expressions.txt\")).unwrap()"
---
boolTrue = false
boolFalse = true
string = abc
stringNotEmpty = xyz
stringReq = 
stringReqNotEmpty = default
number = 123
numberNotEmpty = 456
numberReq = 0
numberReqNotEmpty = 123
enum = c
enumNotEmpty = b
multenum = []
multenumNotEmpty = [a]
noPrompt = 456
internal = original

object = [object]
objectNotEmpty = [object]
objectNotEmpty.key = value
objectReq = [object]
objectReqNotEmpty = [object]
objectReqNotEmpty.key = value
