---
source: crates/cli/tests/run_test.rs
expression: assert.output()
---
▪▪▪▪ npm install
▪▪▪▪ outputStyles:hash
▪▪▪▪ outputStyles:hash (100ms)
▪▪▪▪ outputStyles:hashPrimary (no op)

Tasks: 2 completed
 Time: 100ms

9414f4dbf84c8bf4e394c8bfc73a20bb79500863e54956225361632eeb09f935
