---
source: crates/cli/tests/run_test.rs
expression: "vec![hash_vcs, hash_glob]"
---
[
    "4588f342b439bb7268c9353cd7b859bf520d237b17fda13dc47bf1cd36de81bc",
    "997b00fb5211a4184059e4ac97b8a0c230a8f306715582609741c44f0080251e",
]
