---
source: crates/action-graph/tests/action_graph_builder_test.rs
expression: graph.to_dot()
---
digraph {
    0 [ label="SyncWorkspace" ]
    1 [ label="SyncProject(client)" ]
    2 [ label="SyncProject(server)" ]
    3 [ label="SyncProject(common)" ]
    4 [ label="SyncProject(base)" ]
    5 [ label="RunTask(client:build)" ]
    6 [ label="SetupToolchain(rust:global)" ]
    7 [ label="InstallProjectDeps(rust:global, server)" ]
    8 [ label="RunTask(server:build)" ]
    9 [ label="RunTask(common:build)" ]
    2 -> 0 [ ]
    4 -> 0 [ ]
    3 -> 0 [ ]
    3 -> 4 [ ]
    1 -> 0 [ ]
    1 -> 2 [ ]
    1 -> 3 [ ]
    6 -> 0 [ ]
    7 -> 6 [ ]
    8 -> 2 [ ]
    8 -> 7 [ ]
    9 -> 3 [ ]
    5 -> 1 [ ]
    5 -> 8 [ ]
    5 -> 9 [ ]
}
