---
source: crates/action-graph/tests/action_graph_builder_test.rs
expression: graph.to_dot()
---
digraph {
    0 [ label="SyncWorkspace" ]
    1 [ label="SyncProject(ci)" ]
    2 [ label="RunTask(ci:ci3-dependency)" ]
    1 -> 0 [ ]
    2 -> 1 [ ]
}
