---
source: crates/action-graph/tests/action_graph_builder_test.rs
expression: graph.to_dot()
---
digraph {
    0 [ label="SyncWorkspace" ]
    1 [ label="SetupEnvironment(tc-tier2-setup-env)" ]
    2 [ label="InstallDependencies(tc-tier2-setup-env)" ]
    1 -> 0 [ ]
    2 -> 1 [ ]
}
