---
source: crates/action-graph/tests/action_graph_test.rs
expression: graph.to_dot()
---
digraph {
    0 [ label="SyncWorkspace" ]
    1 [ label="SetupToolchain(system)" ]
    2 [ label="SyncProject(system, misc)" ]
    3 [ label="SyncProject(system, common)" ]
    4 [ label="SyncProject(system, base)" ]
    5 [ label="RunTask(misc:requiresInternal)" ]
    6 [ label="RunTask(common:internal)" ]
    1 -> 0 [ ]
    4 -> 1 [ ]
    3 -> 1 [ ]
    3 -> 4 [ ]
    2 -> 1 [ ]
    2 -> 3 [ ]
    6 -> 3 [ ]
    5 -> 2 [ ]
    5 -> 6 [ ]
}
