---
source: crates/action-graph/tests/action_graph_test.rs
expression: graph.to_dot()
---
digraph {
    0 [ label="SyncWorkspace" ]
    1 [ label="SetupToolchain(node:20.0.0)" ]
    2 [ label="InstallWorkspaceDeps(node:20.0.0)" ]
    1 -> 0 [ ]
    2 -> 1 [ ]
}
