---
source: crates/action-graph/tests/action_graph_builder_test.rs
expression: graph.to_dot()
---
digraph {
    0 [ label="SyncWorkspace" ]
    1 [ label="SetupProto(1.2.3)" ]
    2 [ label="SetupToolchain(rust:1.70.0)" ]
    3 [ label="SetupToolchain(rust:1.90.0)" ]
    2 -> 0 [ ]
    2 -> 1 [ ]
    3 -> 0 [ ]
    3 -> 1 [ ]
}
